SET client_min_messages = warning;
\set ECHO none
